Found 38 projects. Building them in parallel (4 at a time)...
==> Started 3dcargame
==> Started ab
==> Started as
==> Started bb
rm: cannot remove '/tmp/cordova_build/ab': Directory not empty
  ✗ FAILED ab (Create error - see /tmp/cordova_logs/ab.log)
==> Started bbss
  ✗ FAILED as (Platform error - see /tmp/cordova_logs/as.log)
==> Started brkut
  ✗ FAILED bbss (Platform error - see /tmp/cordova_logs/bbss.log)
==> Started calculator
  ✗ FAILED 3dcargame (Platform error - see /tmp/cordova_logs/p3dcargame.log)
==> Started cc
  ✗ FAILED bb (Platform error - see /tmp/cordova_logs/bb.log)
==> Started cgol
  ✗ FAILED calculator (Platform error - see /tmp/cordova_logs/calculator.log)
==> Started chatbot
  ✗ FAILED cc (Build error - see /tmp/cordova_logs/cc.log)
==> Started chcl
  ✗ FAILED cgol (Build error - see /tmp/cordova_logs/cgol.log)
==> Started chess
  ✗ FAILED chess (Create error - see /tmp/cordova_logs/chess.log)
==> Started converter
  ✗ FAILED chatbot (Build error - see /tmp/cordova_logs/chatbot.log)
==> Started cpi
  ✗ FAILED chcl (Platform error - see /tmp/cordova_logs/chcl.log)
==> Started cps
  ✗ FAILED converter (Platform error - see /tmp/cordova_logs/converter.log)
==> Started diepio
  ✗ FAILED cpi (Platform error - see /tmp/cordova_logs/cpi.log)
==> Started flappybird
