Found 38 projects. Building them in parallel (4 at a time)...
==> Started ab
==> Started 3dcargame
==> Started as
==> Started bb
  ✗ FAILED as (Create error - see /tmp/cordova_build/as/build.log)
  ✗ FAILED bb (Create error - see /tmp/cordova_build/bb/build.log)
  ✗ FAILED ab (Create error - see /tmp/cordova_build/ab/build.log)
  ✗ FAILED 3dcargame (Create error - see /tmp/cordova_build/p3dcargame/build.log)
==> Started bbss
==> Started brkut
==> Started calculator
==> Started cc
  ✗ FAILED calculator (Create error - see /tmp/cordova_build/calculator/build.log)
  ✗ FAILED cc (Create error - see /tmp/cordova_build/cc/build.log)
==> Started cgol
==> Started chatbot
  ✗ FAILED bbss (Create error - see /tmp/cordova_build/bbss/build.log)
==> Started chcl
  ✗ FAILED brkut (Create error - see /tmp/cordova_build/brkut/build.log)
==> Started chess
  ✗ FAILED cgol (Create error - see /tmp/cordova_build/cgol/build.log)
  ✗ FAILED chatbot (Create error - see /tmp/cordova_build/chatbot/build.log)
==> Started converter
==> Started cpi
  ✗ FAILED chcl (Create error - see /tmp/cordova_build/chcl/build.log)
==> Started cps
  ✗ FAILED chess (Create error - see /tmp/cordova_build/chess/build.log)
==> Started diepio
  ✗ FAILED cps (Create error - see /tmp/cordova_build/cps/build.log)
==> Started flappybird
  ✗ FAILED diepio (Create error - see /tmp/cordova_build/diepio/build.log)
==> Started jm
  ✗ FAILED converter (Create error - see /tmp/cordova_build/converter/build.log)
==> Started mg
  ✗ FAILED cpi (Create error - see /tmp/cordova_build/cpi/build.log)
==> Started Minecraft
  ✗ FAILED jm (Create error - see /tmp/cordova_build/jm/build.log)
==> Started minesweeper
  ✗ FAILED Minecraft (Create error - see /tmp/cordova_build/minecraft/build.log)
==> Started notdoc
  ✗ FAILED flappybird (Create error - see /tmp/cordova_build/flappybird/build.log)
==> Started p
  ✗ FAILED mg (Create error - see /tmp/cordova_build/mg/build.log)
==> Started piano
  ✗ FAILED minesweeper (Create error - see /tmp/cordova_build/minesweeper/build.log)
==> Started pm
  ✗ FAILED notdoc (Create error - see /tmp/cordova_build/notdoc/build.log)
==> Started pvz
  ✗ FAILED p (Create error - see /tmp/cordova_build/p/build.log)
==> Started rcs
  ✗ FAILED piano (Create error - see /tmp/cordova_build/piano/build.log)
==> Started riddles
  ✗ FAILED pm (Create error - see /tmp/cordova_build/pm/build.log)
==> Started Salary calculator
  ✗ FAILED pvz (Create error - see /tmp/cordova_build/pvz/build.log)
==> Started Sandbox
  ✗ FAILED rcs (Create error - see /tmp/cordova_build/rcs/build.log)
==> Started shootthemonster
  ✗ FAILED riddles (Create error - see /tmp/cordova_build/riddles/build.log)
==> Started snake
  ✗ FAILED Salary calculator (Create error - see /tmp/cordova_build/salary_calculator/build.log)
==> Started solitaire
  ✗ FAILED shootthemonster (Create error - see /tmp/cordova_build/shootthemonster/build.log)
==> Started sss
  ✗ FAILED Sandbox (Create error - see /tmp/cordova_build/sandbox/build.log)
==> Started tanks
  ✗ FAILED snake (Create error - see /tmp/cordova_build/snake/build.log)
==> Started Tetris
  ✗ FAILED solitaire (Create error - see /tmp/cordova_build/solitaire/build.log)
==> Started type
  ✗ FAILED sss (Create error - see /tmp/cordova_build/sss/build.log)
==> Started Wordscapes
  ✗ FAILED tanks (Create error - see /tmp/cordova_build/tanks/build.log)
  ✗ FAILED Tetris (Create error - see /tmp/cordova_build/tetris/build.log)
  ✗ FAILED type (Create error - see /tmp/cordova_build/type/build.log)
  ✗ FAILED Wordscapes (Create error - see /tmp/cordova_build/wordscapes/build.log)

Summary of APKs in /home/jacob/Desktop/APK:
No APKs built yet.
0 APKs total.
