Found 38 projects. Building them in sequence (one by one)...
==> Started 3dcargame
  ✓ DONE 3dcargame -> p3dcargame.apk
==> Started ab
  ✓ DONE ab -> ab.apk
==> Started as
  ✓ DONE as -> as.apk
==> Started bb
  ✓ DONE bb -> bb.apk
==> Started bbss
  ✓ DONE bbss -> bbss.apk
==> Started brkut
  ✓ DONE brkut -> brkut.apk
==> Started calculator
  ✓ DONE calculator -> calculator.apk
==> Started cc
  ✓ DONE cc -> cc.apk
==> Started cgol
  ✓ DONE cgol -> cgol.apk
==> Started chatbot
  ✓ DONE chatbot -> chatbot.apk
==> Started chcl
  ✓ DONE chcl -> chcl.apk
==> Started chess
  ✓ DONE chess -> chess.apk
==> Started converter
  ✓ DONE converter -> converter.apk
==> Started cpi
  ✓ DONE cpi -> cpi.apk
==> Started cps
  ✓ DONE cps -> cps.apk
==> Started diepio
  ✓ DONE diepio -> diepio.apk
==> Started flappybird
  ✓ DONE flappybird -> flappybird.apk
==> Started jm
  ✓ DONE jm -> jm.apk
==> Started mg
  ✓ DONE mg -> mg.apk
==> Started Minecraft
  ✓ DONE Minecraft -> minecraft.apk
==> Started minesweeper
  ✓ DONE minesweeper -> minesweeper.apk
==> Started notdoc
  ✓ DONE notdoc -> notdoc.apk
==> Started p
  ✓ DONE p -> p.apk
==> Started piano
  ✓ DONE piano -> piano.apk
==> Started pm
  ✓ DONE pm -> pm.apk
==> Started pvz
  ✓ DONE pvz -> pvz.apk
==> Started rcs
  ✓ DONE rcs -> rcs.apk
==> Started riddles
  ✓ DONE riddles -> riddles.apk
==> Started Salary calculator
  ✓ DONE Salary calculator -> salary_calculator.apk
==> Started Sandbox
  ✓ DONE Sandbox -> sandbox.apk
==> Started shootthemonster
  ✓ DONE shootthemonster -> shootthemonster.apk
==> Started snake
  ✓ DONE snake -> snake.apk
==> Started solitaire
  ✓ DONE solitaire -> solitaire.apk
==> Started sss
  ✓ DONE sss -> sss.apk
==> Started tanks
  ✓ DONE tanks -> tanks.apk
==> Started Tetris
  ✓ DONE Tetris -> tetris.apk
==> Started type
  ✓ DONE type -> type.apk
==> Started Wordscapes
  ✓ DONE Wordscapes -> wordscapes.apk

Summary of APKs in /home/jacob/Desktop/APK:
-rw-rw-r-- 1 jacob jacob 6.8M Apr  9 12:14 ab.apk
-rw-rw-r-- 1 jacob jacob 9.8M Apr  9 12:15 as.apk
-rw-rw-r-- 1 jacob jacob 4.8M Apr  9 12:16 bb.apk
-rw-rw-r-- 1 jacob jacob 4.3M Apr  9 12:16 bbss.apk
-rw-rw-r-- 1 jacob jacob 4.6M Apr  9 12:17 brkut.apk
-rw-rw-r-- 1 jacob jacob 9.6M Apr  9 12:17 calculator.apk
-rw-rw-r-- 1 jacob jacob 3.8M Apr  9 12:18 cc.apk
-rw-rw-r-- 1 jacob jacob 3.6M Apr  9 12:18 cgol.apk
-rw-rw-r-- 1 jacob jacob 2.8M Apr  9 12:19 chatbot.apk
-rw-rw-r-- 1 jacob jacob 2.7M Apr  9 12:20 chcl.apk
-rw-rw-r-- 1 jacob jacob 8.4M Apr  9 12:20 chess.apk
-rw-rw-r-- 1 jacob jacob 2.7M Apr  9 12:21 converter.apk
-rw-rw-r-- 1 jacob jacob 156M Apr  9 12:21 cpi.apk
-rw-rw-r-- 1 jacob jacob 2.7M Apr  9 12:22 cps.apk
-rw-rw-r-- 1 jacob jacob 2.8M Apr  9 12:23 diepio.apk
-rw-rw-r-- 1 jacob jacob 3.8M Apr  9 12:23 flappybird.apk
-rw-rw-r-- 1 jacob jacob 2.8M Apr  9 12:23 jm.apk
-rw-rw-r-- 1 jacob jacob 2.7M Apr  9 12:24 mg.apk
-rw-rw-r-- 1 jacob jacob 4.0M Apr  9 12:25 minecraft.apk
-rw-rw-r-- 1 jacob jacob 3.6M Apr  9 12:26 minesweeper.apk
-rw-rw-r-- 1 jacob jacob 2.7M Apr  9 12:27 notdoc.apk
-rw-rw-r-- 1 jacob jacob 2.8M Apr  9 12:14 p3dcargame.apk
-rw-rw-r-- 1 jacob jacob 5.9M Apr  9 12:27 p.apk
-rw-rw-r-- 1 jacob jacob 5.1M Apr  9 12:28 piano.apk
-rw-rw-r-- 1 jacob jacob 9.6M Apr  9 12:29 pm.apk
-rw-rw-r-- 1 jacob jacob 9.8M Apr  9 12:29 pvz.apk
-rw-rw-r-- 1 jacob jacob  29M Apr  9 12:30 rcs.apk
-rw-rw-r-- 1 jacob jacob 2.8M Apr  9 12:31 riddles.apk
-rw-rw-r-- 1 jacob jacob 2.7M Apr  9 12:31 salary_calculator.apk
-rw-rw-r-- 1 jacob jacob 2.8M Apr  9 12:32 sandbox.apk
-rw-rw-r-- 1 jacob jacob  14M Apr  9 12:32 shootthemonster.apk
-rw-rw-r-- 1 jacob jacob 3.9M Apr  9 12:33 snake.apk
-rw-rw-r-- 1 jacob jacob 3.8M Apr  9 12:34 solitaire.apk
-rw-rw-r-- 1 jacob jacob  46M Apr  9 12:35 sss.apk
-rw-rw-r-- 1 jacob jacob 2.8M Apr  9 12:36 tanks.apk
-rw-rw-r-- 1 jacob jacob 2.7M Apr  9 12:37 tetris.apk
-rw-rw-r-- 1 jacob jacob 2.8M Apr  9 12:37 type.apk
-rw-rw-r-- 1 jacob jacob  38M Apr  9 12:38 wordscapes.apk
38 APKs total.
