Found 38 projects. Building them in parallel (8 at a time)...
==> Started 3dcargame
==> Started ab
==> Started as
==> Started bb
==> Started bbss
==> Started brkut
==> Started calculator
==> Started cc
Creating a new cordova project.Creating a new cordova project.Creating a new cordova project.Creating a new cordova project.Creating a new cordova project.




Creating a new cordova project.
Creating a new cordova project.
Using cordova-fetch for cordova-android
Using cordova-fetch for cordova-android
Using cordova-fetch for cordova-android
Using cordova-fetch for cordova-android
Using cordova-fetch for cordova-android
Using cordova-fetch for cordova-android
Using cordova-fetch for cordova-android
Using cordova-fetch for cordova-android
Adding android project...
android-targetSdkVersion should be greater than or equal to 36.
Creating Cordova project for the Android platform:
	Path: platforms/android
	Package: com.jacobcreation.bbss
	Name: bbss
	Activity: MainActivity
	Android Target SDK: android-36
	Android Compile SDK: 36
Subproject Path: CordovaLib
Subproject Path: app
Android project created with cordova-android@15.0.0
Checking Java JDK and Android SDK versions
ANDROID_HOME=/home/jacob/Android/Sdk (recommended setting)
ANDROID_SDK_ROOT=/home/jacob/Android/Sdk (DEPRECATED)
Using Android SDK: /home/jacob/Android/Sdk
Adding android project...
Adding android project...
android-targetSdkVersion should be greater than or equal to 36.
Creating Cordova project for the Android platform:
	Path: platforms/android
	Package: com.jacobcreation.cc
	Name: cc
	Activity: MainActivity
	Android Target SDK: android-36
	Android Compile SDK: 36
Subproject Path: CordovaLib
Subproject Path: app
Android project created with cordova-android@15.0.0
android-targetSdkVersion should be greater than or equal to 36.
Creating Cordova project for the Android platform:
	Path: platforms/android
	Package: com.jacobcreation.brkut
	Name: brkut
	Activity: MainActivity
	Android Target SDK: android-36
	Android Compile SDK: 36
Adding android project...
Subproject Path: CordovaLib
Subproject Path: app
Android project created with cordova-android@15.0.0
Adding android project...
android-targetSdkVersion should be greater than or equal to 36.
Creating Cordova project for the Android platform:
	Path: platforms/android
	Package: com.jacobcreation.as
	Name: as
	Activity: MainActivity
	Android Target SDK: android-36
	Android Compile SDK: 36
Subproject Path: CordovaLib
Subproject Path: app
Android project created with cordova-android@15.0.0
android-targetSdkVersion should be greater than or equal to 36.
Creating Cordova project for the Android platform:
	Path: platforms/android
	Package: com.jacobcreation.calculator
	Name: calculator
	Activity: MainActivity
	Android Target SDK: android-36
	Android Compile SDK: 36
Subproject Path: CordovaLib
Subproject Path: app
Android project created with cordova-android@15.0.0
Checking Java JDK and Android SDK versions
ANDROID_HOME=/home/jacob/Android/Sdk (recommended setting)
ANDROID_SDK_ROOT=/home/jacob/Android/Sdk (DEPRECATED)
Adding android project...
Adding android project...
Checking Java JDK and Android SDK versions
ANDROID_HOME=/home/jacob/Android/Sdk (recommended setting)
ANDROID_SDK_ROOT=/home/jacob/Android/Sdk (DEPRECATED)
android-targetSdkVersion should be greater than or equal to 36.
Starting a Gradle Daemon, 2 incompatible and 1 stopped Daemons could not be reused, use --status for details
Creating Cordova project for the Android platform:
	Path: platforms/android
	Package: com.jacobcreation.ab
	Name: ab
	Activity: MainActivity
	Android Target SDK: android-36
	Android Compile SDK: 36
Using Android SDK: /home/jacob/Android/Sdk
android-targetSdkVersion should be greater than or equal to 36.
Creating Cordova project for the Android platform:
	Path: platforms/android
	Package: com.jacobcreation.p3dcargame
	Name: p3dcargame
	Activity: MainActivity
	Android Target SDK: android-36
	Android Compile SDK: 36
Subproject Path: CordovaLib
Subproject Path: app
Android project created with cordova-android@15.0.0
Subproject Path: CordovaLib
Subproject Path: app
Android project created with cordova-android@15.0.0
Checking Java JDK and Android SDK versions
ANDROID_HOME=/home/jacob/Android/Sdk (recommended setting)
ANDROID_SDK_ROOT=/home/jacob/Android/Sdk (DEPRECATED)
Using Android SDK: /home/jacob/Android/Sdk
Checking Java JDK and Android SDK versions
ANDROID_HOME=/home/jacob/Android/Sdk (recommended setting)
ANDROID_SDK_ROOT=/home/jacob/Android/Sdk (DEPRECATED)
Using Android SDK: /home/jacob/Android/Sdk
Using Android SDK: /home/jacob/Android/Sdk
Checking Java JDK and Android SDK versions
ANDROID_HOME=/home/jacob/Android/Sdk (recommended setting)
ANDROID_SDK_ROOT=/home/jacob/Android/Sdk (DEPRECATED)
Checking Java JDK and Android SDK versions
ANDROID_HOME=/home/jacob/Android/Sdk (recommended setting)
ANDROID_SDK_ROOT=/home/jacob/Android/Sdk (DEPRECATED)
Using Android SDK: /home/jacob/Android/Sdk
Using Android SDK: /home/jacob/Android/Sdk
Starting a Gradle Daemon, 1 incompatible and 1 stopped Daemons could not be reused, use --status for details
Starting a Gradle Daemon, 1 incompatible and 1 stopped Daemons could not be reused, use --status for details
Starting a Gradle Daemon, 1 incompatible and 1 stopped Daemons could not be reused, use --status for details
Starting a Gradle Daemon, 1 incompatible and 1 stopped Daemons could not be reused, use --status for details
Starting a Gradle Daemon, 1 busy and 1 incompatible and 1 stopped Daemons could not be reused, use --status for details
Starting a Gradle Daemon, 1 busy and 1 incompatible and 1 stopped Daemons could not be reused, use --status for details
Adding android project...
android-targetSdkVersion should be greater than or equal to 36.
Creating Cordova project for the Android platform:
	Path: platforms/android
	Package: com.jacobcreation.bb
	Name: bb
	Activity: MainActivity
	Android Target SDK: android-36
	Android Compile SDK: 36
Subproject Path: CordovaLib
Subproject Path: app
Android project created with cordova-android@15.0.0
Checking Java JDK and Android SDK versions
ANDROID_HOME=/home/jacob/Android/Sdk (recommended setting)
ANDROID_SDK_ROOT=/home/jacob/Android/Sdk (DEPRECATED)
Using Android SDK: /home/jacob/Android/Sdk
Starting a Gradle Daemon, 7 busy and 1 incompatible and 1 stopped Daemons could not be reused, use --status for details
> Task :wrapper
> Task :wrapper
> Task :wrapper
> Task :wrapper

BUILD SUCCESSFUL in 18s
> Task :wrapper1 actionable task: 1 executed


BUILD SUCCESSFUL in 22s
1 actionable task: 1 executed
> Task :wrapper
> Task :wrapper

BUILD SUCCESSFUL in 20s
1 actionable task: 1 executed

BUILD SUCCESSFUL in 20s
1 actionable task: 1 executed

BUILD SUCCESSFUL in 19s
1 actionable task: 1 executed

BUILD SUCCESSFUL in 19s
1 actionable task: 1 executed

BUILD SUCCESSFUL in 18s
1 actionable task: 1 executed
Subproject Path: CordovaLib
Subproject Path: app
Subproject Path: CordovaLib
Subproject Path: app
Subproject Path: CordovaLib
Subproject Path: app
Subproject Path: CordovaLib
Subproject Path: app
Subproject Path: CordovaLib
Subproject Path: app
Subproject Path: CordovaLib
Subproject Path: app
Subproject Path: CordovaLib
Subproject Path: app
Starting a Gradle Daemon, 18 busy Daemons could not be reused, use --status for details
Starting a Gradle Daemon, 18 busy Daemons could not be reused, use --status for details
Starting a Gradle Daemon, 18 busy Daemons could not be reused, use --status for details
Starting a Gradle Daemon, 18 busy Daemons could not be reused, use --status for details
Starting a Gradle Daemon, 18 busy Daemons could not be reused, use --status for details
> Task :wrapper
Starting a Gradle Daemon, 18 busy Daemons could not be reused, use --status for details
Starting a Gradle Daemon, 18 busy Daemons could not be reused, use --status for details

BUILD SUCCESSFUL in 12s
1 actionable task: 1 executed
Subproject Path: CordovaLib
Subproject Path: app
Starting a Gradle Daemon, 18 busy Daemons could not be reused, use --status for details
> Task :app:preBuild UP-TO-DATE
> Task :app:preReleaseBuild UP-TO-DATE
> Task :app:generateReleaseResValues
> Task :CordovaLib:preBuild UP-TO-DATE
> Task :CordovaLib:preReleaseBuild UP-TO-DATE
> Task :CordovaLib:generateReleaseResValues
> Task :CordovaLib:generateReleaseResources
> Task :CordovaLib:packageReleaseResources
> Task :app:mapReleaseSourceSetPaths
> Task :app:generateReleaseResources
> Task :app:preBuild UP-TO-DATE
> Task :app:preReleaseBuild UP-TO-DATE
> Task :app:preBuild UP-TO-DATE
> Task :app:preReleaseBuild UP-TO-DATE
> Task :app:generateReleaseResValues
> Task :CordovaLib:preBuild UP-TO-DATE
> Task :CordovaLib:preReleaseBuild UP-TO-DATE
> Task :CordovaLib:generateReleaseResValues
> Task :app:generateReleaseResValues
> Task :CordovaLib:preBuild UP-TO-DATE
> Task :CordovaLib:preReleaseBuild UP-TO-DATE
> Task :CordovaLib:generateReleaseResValues
> Task :CordovaLib:generateReleaseResources
> Task :CordovaLib:generateReleaseResources
> Task :CordovaLib:packageReleaseResources
> Task :CordovaLib:packageReleaseResources
