Found 38 projects. Building them in sequence (one by one)...
==> Started 3dcargame
find: ‘/tmp/cordova_build/p3dcargame/platforms/android/app/build/outputs/apk/release’: No such file or directory
  ✗ FAILED 3dcargame (No APK found - check /tmp/cordova_logs/p3dcargame.log)
==> Started ab
find: ‘/tmp/cordova_build/ab/platforms/android/app/build/outputs/apk/release’: No such file or directory
  ✗ FAILED ab (No APK found - check /tmp/cordova_logs/ab.log)
==> Started as
find: ‘/tmp/cordova_build/as/platforms/android/app/build/outputs/apk/release’: No such file or directory
  ✗ FAILED as (No APK found - check /tmp/cordova_logs/as.log)
==> Started bb
find: ‘/tmp/cordova_build/bb/platforms/android/app/build/outputs/apk/release’: No such file or directory
  ✗ FAILED bb (No APK found - check /tmp/cordova_logs/bb.log)
==> Started bbss
find: ‘/tmp/cordova_build/bbss/platforms/android/app/build/outputs/apk/release’: No such file or directory
  ✗ FAILED bbss (No APK found - check /tmp/cordova_logs/bbss.log)
==> Started brkut
find: ‘/tmp/cordova_build/brkut/platforms/android/app/build/outputs/apk/release’: No such file or directory
  ✗ FAILED brkut (No APK found - check /tmp/cordova_logs/brkut.log)
==> Started calculator
find: ‘/tmp/cordova_build/calculator/platforms/android/app/build/outputs/apk/release’: No such file or directory
  ✗ FAILED calculator (No APK found - check /tmp/cordova_logs/calculator.log)
==> Started cc
find: ‘/tmp/cordova_build/cc/platforms/android/app/build/outputs/apk/release’: No such file or directory
  ✗ FAILED cc (No APK found - check /tmp/cordova_logs/cc.log)
==> Started cgol
find: ‘/tmp/cordova_build/cgol/platforms/android/app/build/outputs/apk/release’: No such file or directory
  ✗ FAILED cgol (No APK found - check /tmp/cordova_logs/cgol.log)
==> Started chatbot
find: ‘/tmp/cordova_build/chatbot/platforms/android/app/build/outputs/apk/release’: No such file or directory
  ✗ FAILED chatbot (No APK found - check /tmp/cordova_logs/chatbot.log)
==> Started chcl
find: ‘/tmp/cordova_build/chcl/platforms/android/app/build/outputs/apk/release’: No such file or directory
  ✗ FAILED chcl (No APK found - check /tmp/cordova_logs/chcl.log)
==> Started chess
find: ‘/tmp/cordova_build/chess/platforms/android/app/build/outputs/apk/release’: No such file or directory
  ✗ FAILED chess (No APK found - check /tmp/cordova_logs/chess.log)
==> Started converter
find: ‘/tmp/cordova_build/converter/platforms/android/app/build/outputs/apk/release’: No such file or directory
  ✗ FAILED converter (No APK found - check /tmp/cordova_logs/converter.log)
==> Started cpi
  ✗ FAILED cpi (Build error - see /tmp/cordova_logs/cpi.log)
==> Started cps
  ✗ FAILED cps (Platform error - see /tmp/cordova_logs/cps.log)
==> Started diepio
find: ‘/tmp/cordova_build/diepio/platforms/android/app/build/outputs/apk/release’: No such file or directory
  ✗ FAILED diepio (No APK found - check /tmp/cordova_logs/diepio.log)
==> Started flappybird
find: ‘/tmp/cordova_build/flappybird/platforms/android/app/build/outputs/apk/release’: No such file or directory
  ✗ FAILED flappybird (No APK found - check /tmp/cordova_logs/flappybird.log)
==> Started jm
find: ‘/tmp/cordova_build/jm/platforms/android/app/build/outputs/apk/release’: No such file or directory
  ✗ FAILED jm (No APK found - check /tmp/cordova_logs/jm.log)
==> Started mg
find: ‘/tmp/cordova_build/mg/platforms/android/app/build/outputs/apk/release’: No such file or directory
  ✗ FAILED mg (No APK found - check /tmp/cordova_logs/mg.log)
==> Started Minecraft
find: ‘/tmp/cordova_build/minecraft/platforms/android/app/build/outputs/apk/release’: No such file or directory
  ✗ FAILED Minecraft (No APK found - check /tmp/cordova_logs/minecraft.log)
==> Started minesweeper
find: ‘/tmp/cordova_build/minesweeper/platforms/android/app/build/outputs/apk/release’: No such file or directory
  ✗ FAILED minesweeper (No APK found - check /tmp/cordova_logs/minesweeper.log)
==> Started notdoc
find: ‘/tmp/cordova_build/notdoc/platforms/android/app/build/outputs/apk/release’: No such file or directory
  ✗ FAILED notdoc (No APK found - check /tmp/cordova_logs/notdoc.log)
==> Started p
find: ‘/tmp/cordova_build/p/platforms/android/app/build/outputs/apk/release’: No such file or directory
  ✗ FAILED p (No APK found - check /tmp/cordova_logs/p.log)
==> Started piano
find: ‘/tmp/cordova_build/piano/platforms/android/app/build/outputs/apk/release’: No such file or directory
  ✗ FAILED piano (No APK found - check /tmp/cordova_logs/piano.log)
==> Started pm
find: ‘/tmp/cordova_build/pm/platforms/android/app/build/outputs/apk/release’: No such file or directory
  ✗ FAILED pm (No APK found - check /tmp/cordova_logs/pm.log)
==> Started pvz
find: ‘/tmp/cordova_build/pvz/platforms/android/app/build/outputs/apk/release’: No such file or directory
  ✗ FAILED pvz (No APK found - check /tmp/cordova_logs/pvz.log)
==> Started rcs
find: ‘/tmp/cordova_build/rcs/platforms/android/app/build/outputs/apk/release’: No such file or directory
  ✗ FAILED rcs (No APK found - check /tmp/cordova_logs/rcs.log)
==> Started riddles
find: ‘/tmp/cordova_build/riddles/platforms/android/app/build/outputs/apk/release’: No such file or directory
  ✗ FAILED riddles (No APK found - check /tmp/cordova_logs/riddles.log)
==> Started Salary calculator
find: ‘/tmp/cordova_build/salary_calculator/platforms/android/app/build/outputs/apk/release’: No such file or directory
  ✗ FAILED Salary calculator (No APK found - check /tmp/cordova_logs/salary_calculator.log)
==> Started Sandbox
find: ‘/tmp/cordova_build/sandbox/platforms/android/app/build/outputs/apk/release’: No such file or directory
  ✗ FAILED Sandbox (No APK found - check /tmp/cordova_logs/sandbox.log)
==> Started shootthemonster
find: ‘/tmp/cordova_build/shootthemonster/platforms/android/app/build/outputs/apk/release’: No such file or directory
  ✗ FAILED shootthemonster (No APK found - check /tmp/cordova_logs/shootthemonster.log)
==> Started snake
find: ‘/tmp/cordova_build/snake/platforms/android/app/build/outputs/apk/release’: No such file or directory
  ✗ FAILED snake (No APK found - check /tmp/cordova_logs/snake.log)
==> Started solitaire
find: ‘/tmp/cordova_build/solitaire/platforms/android/app/build/outputs/apk/release’: No such file or directory
  ✗ FAILED solitaire (No APK found - check /tmp/cordova_logs/solitaire.log)
==> Started sss
find: ‘/tmp/cordova_build/sss/platforms/android/app/build/outputs/apk/release’: No such file or directory
  ✗ FAILED sss (No APK found - check /tmp/cordova_logs/sss.log)
==> Started tanks
find: ‘/tmp/cordova_build/tanks/platforms/android/app/build/outputs/apk/release’: No such file or directory
  ✗ FAILED tanks (No APK found - check /tmp/cordova_logs/tanks.log)
==> Started Tetris
find: ‘/tmp/cordova_build/tetris/platforms/android/app/build/outputs/apk/release’: No such file or directory
  ✗ FAILED Tetris (No APK found - check /tmp/cordova_logs/tetris.log)
==> Started type
find: ‘/tmp/cordova_build/type/platforms/android/app/build/outputs/apk/release’: No such file or directory
  ✗ FAILED type (No APK found - check /tmp/cordova_logs/type.log)
==> Started Wordscapes
find: ‘/tmp/cordova_build/wordscapes/platforms/android/app/build/outputs/apk/release’: No such file or directory
  ✗ FAILED Wordscapes (No APK found - check /tmp/cordova_logs/wordscapes.log)
